[START] 2025年 06月 14日 星期六 13:58:36 CST 自动同步开始
[INFO] 正在处理子模块: work-basic-component
[INFO] 当前分支: main
[INFO] 拉取成功，准备提交...
[INFO] 无需提交
[INFO] 正在处理子模块: work-blog-website
[INFO] 当前分支: main
[INFO] 拉取成功，准备提交...
[INFO] 无需提交
[INFO] 正在处理子模块: work-care-flow
[INFO] 当前分支: main
[INFO] 拉取成功，准备提交...
[INFO] 无需提交
[INFO] 正在处理子模块: work-collaborative-images
[INFO] 当前分支: main
[INFO] 拉取成功，准备提交...
[INFO] 无需提交
[INFO] 正在处理子模块: work-config-yaml
[INFO] 当前分支: main
[INFO] 拉取成功，准备提交...
[INFO] 无需提交
[INFO] 正在处理子模块: work-grad-pick
[INFO] 当前分支: main
[INFO] 拉取成功，准备提交...
[INFO] 无需提交
[INFO] 正在处理子模块: work-integrated-assess
[INFO] 当前分支: main
[INFO] 拉取成功，准备提交...
[INFO] 无需提交
[INFO] 正在处理子模块: work-massive-likes
[INFO] 当前分支: main
[INFO] 拉取成功，准备提交...
[INFO] 无需提交
[INFO] 正在处理子模块: work-multilingual-ai
[INFO] 当前分支: main
[INFO] 拉取成功，准备提交...
[INFO] 无需提交
[INFO] 正在处理子模块: work-question-bank
[INFO] 当前分支: main
[INFO] 拉取成功，准备提交...
[INFO] 无需提交
[INFO] 正在处理子模块: work-smart-cloud
[INFO] 当前分支: main
[INFO] 拉取成功，准备提交...
[INFO] 无需提交
[INFO] 正在处理子模块: work-spring-gateway
[INFO] 当前分支: main
[INFO] 拉取成功，准备提交...
[INFO] 无需提交
[INFO] 正在处理子模块: work-tongue-diagnosis
[INFO] 当前分支: main
[INFO] 拉取成功，准备提交...
[INFO] 无需提交
[INFO] 正在处理子模块: work-topic-selection
[INFO] 当前分支: main
[INFO] 拉取成功，准备提交...
[INFO] 无需提交
[INFO] 正在处理子模块: work-user-centre
[INFO] 当前分支: main
[INFO] 拉取成功，准备提交...
[INFO] 无需提交
[INFO] 正在处理子模块: work-watermark-verifier
[INFO] 当前分支: main
[INFO] 拉取成功，准备提交...
[INFO] 无需提交
[INFO] 正在处理父仓库...
[main c925189] 父模块自动数据备份
 4 files changed, 100 insertions(+), 448 deletions(-)
 create mode 100644 .sync_git.log
 delete mode 100755 sync_git.log
 delete mode 100755 sync_git_error.log
[SUCCESS] 全部同步完成, 且没有错误
[START] 2025年 06月 14日 星期六 14:03:34 CST 自动同步开始
[INFO] 正在处理子模块: work-basic-component
[INFO] 当前分支: main
[INFO] 拉取成功，准备提交...
[INFO] 无需提交
[INFO] 正在处理子模块: work-blog-website
[INFO] 当前分支: main
[INFO] 拉取成功，准备提交...
[INFO] 无需提交
[INFO] 正在处理子模块: work-care-flow
[INFO] 当前分支: main
[INFO] 拉取成功，准备提交...
[INFO] 无需提交
[INFO] 正在处理子模块: work-collaborative-images
[INFO] 当前分支: main
[INFO] 拉取成功，准备提交...
[INFO] 无需提交
[INFO] 正在处理子模块: work-config-yaml
[INFO] 当前分支: main
[INFO] 拉取成功，准备提交...
[INFO] 无需提交
[INFO] 正在处理子模块: work-grad-pick
[INFO] 当前分支: main
[INFO] 拉取成功，准备提交...
[INFO] 无需提交
[INFO] 正在处理子模块: work-integrated-assess
[INFO] 当前分支: main
[INFO] 拉取成功，准备提交...
[INFO] 无需提交
[INFO] 正在处理子模块: work-massive-likes
[INFO] 当前分支: main
[INFO] 拉取成功，准备提交...
[INFO] 无需提交
[INFO] 正在处理子模块: work-multilingual-ai
[INFO] 当前分支: main
[INFO] 拉取成功，准备提交...
[INFO] 无需提交
[INFO] 正在处理子模块: work-question-bank
[INFO] 当前分支: main
[INFO] 拉取成功，准备提交...
[INFO] 无需提交
[INFO] 正在处理子模块: work-smart-cloud
[INFO] 当前分支: main
[INFO] 拉取成功，准备提交...
[INFO] 无需提交
[INFO] 正在处理子模块: work-spring-gateway
[INFO] 当前分支: main
[INFO] 拉取成功，准备提交...
[INFO] 无需提交
[INFO] 正在处理子模块: work-tongue-diagnosis
[INFO] 当前分支: main
[INFO] 拉取成功，准备提交...
[INFO] 无需提交
[INFO] 正在处理子模块: work-topic-selection
[INFO] 当前分支: main
[INFO] 拉取成功，准备提交...
[INFO] 无需提交
[INFO] 正在处理子模块: work-user-centre
[INFO] 当前分支: main
[INFO] 拉取成功，准备提交...
[INFO] 无需提交
[INFO] 正在处理子模块: work-watermark-verifier
[INFO] 当前分支: main
[INFO] 拉取成功，准备提交...
[INFO] 无需提交
[INFO] 正在处理父仓库...
[main 2ad3c3d] 父模块自动数据备份
 3 files changed, 73 insertions(+), 1 deletion(-)
 mode change 100755 => 100644 error.log
[SUCCESS] 全部同步完成, 且没有错误
