[START] 2025年 06月 14日 星期六 13:34:49 CST 自动同步开始
[INFO] 正在处理子模块: work-basic-component
[INFO] 当前分支: main
[INFO] 正在处理子模块: work-blog-website
[INFO] 当前分支: main
[INFO] 正在处理子模块: work-care-flow
[INFO] 当前分支: main
[INFO] 正在处理子模块: work-collaborative-images
[INFO] 当前分支: main
[INFO] 正在处理子模块: work-config-yaml
[INFO] 当前分支: main
[INFO] 正在处理子模块: work-grad-pick
[INFO] 当前分支: main
[INFO] 正在处理子模块: work-integrated-assess
[INFO] 当前分支: main
[INFO] 正在处理子模块: work-massive-likes
[INFO] 当前分支: main
[INFO] 正在处理子模块: work-multilingual-ai
[INFO] 当前分支: main
[INFO] 正在处理子模块: work-question-bank
[INFO] 当前分支: main
[INFO] 正在处理子模块: work-smart-cloud
[INFO] 当前分支: main
[INFO] 正在处理子模块: work-spring-gateway
[INFO] 当前分支: main
[INFO] 正在处理子模块: work-tongue-diagnosis
[INFO] 当前分支: main
[INFO] 正在处理子模块: work-topic-selection
[INFO] 当前分支: main
[INFO] 正在处理子模块: work-user-centre
[INFO] 当前分支: main
[INFO] 正在处理子模块: work-watermark-verifier
[INFO] 当前分支: main
[INFO] 正在处理父仓库...

[WARNING] 同步完成, 但存在错误：
[ERROR] 子模块 work-basic-component pull 失败
[ERROR] 子模块 work-blog-website pull 失败
[ERROR] 子模块 work-care-flow pull 失败
[ERROR] 子模块 work-collaborative-images pull 失败
[ERROR] 子模块 work-config-yaml pull 失败
[ERROR] 子模块 work-grad-pick pull 失败
[ERROR] 子模块 work-integrated-assess pull 失败
[ERROR] 子模块 work-massive-likes pull 失败
[ERROR] 子模块 work-multilingual-ai pull 失败
[ERROR] 子模块 work-question-bank pull 失败
[ERROR] 子模块 work-smart-cloud pull 失败
[ERROR] 子模块 work-spring-gateway pull 失败
[ERROR] 子模块 work-tongue-diagnosis pull 失败
[ERROR] 子模块 work-topic-selection pull 失败
[ERROR] 子模块 work-user-centre pull 失败
[ERROR] 子模块 work-watermark-verifier pull 失败
[ERROR] 父模块 pull 失败
[START] 2025年 06月 14日 星期六 13:36:03 CST 自动同步开始
[START] 2025年 06月 14日 星期六 13:36:18 CST 自动同步开始
[START] 2025年 06月 14日 星期六 13:36:25 CST 自动同步开始
[INFO] 正在处理子模块: work-basic-component
[INFO] 当前分支: main
[INFO] 正在处理子模块: work-blog-website
[INFO] 当前分支: main
[INFO] 正在处理子模块: work-care-flow
[INFO] 当前分支: main
[INFO] 正在处理子模块: work-collaborative-images
[INFO] 当前分支: main
[INFO] 正在处理子模块: work-config-yaml
[INFO] 当前分支: main
[INFO] 正在处理子模块: work-grad-pick
[INFO] 当前分支: main
[INFO] 正在处理子模块: work-integrated-assess
[INFO] 当前分支: main
[INFO] 正在处理子模块: work-massive-likes
[INFO] 当前分支: main
[INFO] 正在处理子模块: work-multilingual-ai
[INFO] 当前分支: main
[INFO] 正在处理子模块: work-question-bank
[INFO] 当前分支: main
[INFO] 正在处理子模块: work-smart-cloud
[INFO] 当前分支: main
[INFO] 正在处理子模块: work-spring-gateway
[INFO] 当前分支: main
[INFO] 正在处理子模块: work-tongue-diagnosis
[INFO] 当前分支: main
[INFO] 正在处理子模块: work-topic-selection
[INFO] 当前分支: main
[INFO] 正在处理子模块: work-user-centre
[INFO] 当前分支: main
[INFO] 正在处理子模块: work-watermark-verifier
[INFO] 当前分支: main
[INFO] 正在处理父仓库...

[WARNING] 同步完成, 但存在错误：
[ERROR] 子模块 work-basic-component pull 失败
[ERROR] 子模块 work-blog-website pull 失败
[ERROR] 子模块 work-care-flow pull 失败
[ERROR] 子模块 work-collaborative-images pull 失败
[ERROR] 子模块 work-config-yaml pull 失败
[ERROR] 子模块 work-grad-pick pull 失败
[ERROR] 子模块 work-integrated-assess pull 失败
[ERROR] 子模块 work-massive-likes pull 失败
[ERROR] 子模块 work-multilingual-ai pull 失败
[ERROR] 子模块 work-question-bank pull 失败
[ERROR] 子模块 work-smart-cloud pull 失败
[ERROR] 子模块 work-spring-gateway pull 失败
[ERROR] 子模块 work-tongue-diagnosis pull 失败
[ERROR] 子模块 work-topic-selection pull 失败
[ERROR] 子模块 work-user-centre pull 失败
[ERROR] 子模块 work-watermark-verifier pull 失败
[ERROR] 父模块 pull 失败
[ERROR] 子模块 work-basic-component pull 失败
[ERROR] 子模块 work-blog-website pull 失败
[ERROR] 子模块 work-care-flow pull 失败
[ERROR] 子模块 work-collaborative-images pull 失败
[ERROR] 子模块 work-config-yaml pull 失败
[ERROR] 子模块 work-grad-pick pull 失败
[ERROR] 子模块 work-integrated-assess pull 失败
[ERROR] 子模块 work-massive-likes pull 失败
[ERROR] 子模块 work-multilingual-ai pull 失败
[ERROR] 子模块 work-question-bank pull 失败
[ERROR] 子模块 work-smart-cloud pull 失败
[ERROR] 子模块 work-spring-gateway pull 失败
[ERROR] 子模块 work-tongue-diagnosis pull 失败
[ERROR] 子模块 work-topic-selection pull 失败
[ERROR] 子模块 work-user-centre pull 失败
[ERROR] 子模块 work-watermark-verifier pull 失败
[ERROR] 父模块 pull 失败
[START] 2025年 06月 14日 星期六 13:38:31 CST 自动同步开始
[INFO] 正在处理子模块: work-basic-component
[INFO] 当前分支: main
[INFO] 拉取成功，准备提交...
[INFO] 无需提交
[INFO] 正在处理子模块: work-blog-website
[INFO] 当前分支: main
[INFO] 拉取成功，准备提交...
[INFO] 无需提交
[INFO] 正在处理子模块: work-care-flow
[INFO] 当前分支: main
[INFO] 拉取成功，准备提交...
[INFO] 正在处理子模块: work-collaborative-images
[INFO] 当前分支: main
[INFO] 拉取成功，准备提交...
[INFO] 无需提交
[INFO] 正在处理子模块: work-config-yaml
[INFO] 当前分支: main
[INFO] 拉取成功，准备提交...
[INFO] 无需提交
[INFO] 正在处理子模块: work-grad-pick
[INFO] 当前分支: main
[INFO] 拉取成功，准备提交...
[INFO] 无需提交
[INFO] 正在处理子模块: work-integrated-assess
[INFO] 当前分支: main
[INFO] 拉取成功，准备提交...
[INFO] 无需提交
[INFO] 正在处理子模块: work-massive-likes
[INFO] 当前分支: main
[INFO] 拉取成功，准备提交...
[INFO] 无需提交
[INFO] 正在处理子模块: work-multilingual-ai
[INFO] 当前分支: main
[INFO] 拉取成功，准备提交...
[INFO] 无需提交
[INFO] 正在处理子模块: work-question-bank
[INFO] 当前分支: main
[INFO] 拉取成功，准备提交...
[INFO] 正在处理子模块: work-smart-cloud
[INFO] 当前分支: main
[INFO] 拉取成功，准备提交...
[INFO] 无需提交
[INFO] 正在处理子模块: work-spring-gateway
[INFO] 当前分支: main
[INFO] 拉取成功，准备提交...
[INFO] 无需提交
[INFO] 正在处理子模块: work-tongue-diagnosis
[INFO] 当前分支: main
[INFO] 拉取成功，准备提交...
[INFO] 无需提交
[INFO] 正在处理子模块: work-topic-selection
[INFO] 当前分支: main
[INFO] 拉取成功，准备提交...
[INFO] 正在处理子模块: work-user-centre
[INFO] 当前分支: main
[INFO] 拉取成功，准备提交...
[INFO] 无需提交
[INFO] 正在处理子模块: work-watermark-verifier
[INFO] 当前分支: main
[INFO] 拉取成功，准备提交...
[INFO] 无需提交
[START] 2025年 06月 14日 星期六 13:41:36 CST 自动同步开始
[INFO] 当前分支: main
[INFO] 拉取成功，准备提交...
[INFO] 无需提交
[INFO] 当前分支: main
[INFO] 拉取成功，准备提交...
[INFO] 无需提交
[INFO] 当前分支: main
[INFO] 拉取成功，准备提交...
[INFO] 无需提交
[INFO] 当前分支: main
[INFO] 拉取成功，准备提交...
[INFO] 无需提交
[INFO] 当前分支: main
[INFO] 拉取成功，准备提交...
[INFO] 无需提交
[INFO] 当前分支: main
[INFO] 拉取成功，准备提交...
[INFO] 无需提交
[INFO] 当前分支: main
[INFO] 拉取成功，准备提交...
[INFO] 无需提交
[INFO] 当前分支: main
[INFO] 拉取成功，准备提交...
[INFO] 无需提交
[INFO] 当前分支: main
[INFO] 拉取成功，准备提交...
[INFO] 无需提交
[INFO] 当前分支: main
[INFO] 拉取成功，准备提交...
[INFO] 无需提交
[INFO] 当前分支: main
[INFO] 拉取成功，准备提交...
[INFO] 无需提交
[INFO] 当前分支: main
[INFO] 拉取成功，准备提交...
[INFO] 无需提交
[INFO] 当前分支: main
[INFO] 拉取成功，准备提交...
[INFO] 无需提交
[INFO] 当前分支: main
[INFO] 拉取成功，准备提交...
[INFO] 无需提交
[INFO] 当前分支: main
[INFO] 拉取成功，准备提交...
[INFO] 无需提交
[INFO] 当前分支: main
[INFO] 拉取成功，准备提交...
[INFO] 无需提交
[INFO] 正在处理父仓库...

[WARNING] 同步完成, 但存在错误：
[ERROR] 子模块 work-basic-component pull 失败
[ERROR] 子模块 work-blog-website pull 失败
[ERROR] 子模块 work-care-flow pull 失败
[ERROR] 子模块 work-collaborative-images pull 失败
[ERROR] 子模块 work-config-yaml pull 失败
[ERROR] 子模块 work-grad-pick pull 失败
[ERROR] 子模块 work-integrated-assess pull 失败
[ERROR] 子模块 work-massive-likes pull 失败
[ERROR] 子模块 work-multilingual-ai pull 失败
[ERROR] 子模块 work-question-bank pull 失败
[ERROR] 子模块 work-smart-cloud pull 失败
[ERROR] 子模块 work-spring-gateway pull 失败
[ERROR] 子模块 work-tongue-diagnosis pull 失败
[ERROR] 子模块 work-topic-selection pull 失败
[ERROR] 子模块 work-user-centre pull 失败
[ERROR] 子模块 work-watermark-verifier pull 失败
[ERROR] 父模块 pull 失败
[ERROR] 子模块 work-basic-component pull 失败
[ERROR] 子模块 work-blog-website pull 失败
[ERROR] 子模块 work-care-flow pull 失败
[ERROR] 子模块 work-collaborative-images pull 失败
[ERROR] 子模块 work-config-yaml pull 失败
[ERROR] 子模块 work-grad-pick pull 失败
[ERROR] 子模块 work-integrated-assess pull 失败
[ERROR] 子模块 work-massive-likes pull 失败
[ERROR] 子模块 work-multilingual-ai pull 失败
[ERROR] 子模块 work-question-bank pull 失败
[ERROR] 子模块 work-smart-cloud pull 失败
[ERROR] 子模块 work-spring-gateway pull 失败
[ERROR] 子模块 work-tongue-diagnosis pull 失败
[ERROR] 子模块 work-topic-selection pull 失败
[ERROR] 子模块 work-user-centre pull 失败
[ERROR] 子模块 work-watermark-verifier pull 失败
[ERROR] 父模块 pull 失败
[ERROR] 父模块 pull 失败
[START] 2025年 06月 14日 星期六 13:47:33 CST 自动同步开始
[INFO] 正在处理子模块: work-basic-component
[INFO] 当前分支: main
[INFO] 拉取成功，准备提交...
[INFO] 无需提交
[INFO] 正在处理子模块: work-blog-website
[INFO] 当前分支: main
[INFO] 拉取成功，准备提交...
[INFO] 无需提交
[INFO] 正在处理子模块: work-care-flow
[INFO] 当前分支: main
[INFO] 拉取成功，准备提交...
[INFO] 无需提交
[INFO] 正在处理子模块: work-collaborative-images
[INFO] 当前分支: main
[INFO] 拉取成功，准备提交...
[INFO] 无需提交
[INFO] 正在处理子模块: work-config-yaml
[INFO] 当前分支: main
[INFO] 拉取成功，准备提交...
[INFO] 无需提交
[INFO] 正在处理子模块: work-grad-pick
[INFO] 当前分支: main
[INFO] 拉取成功，准备提交...
[INFO] 无需提交
[INFO] 正在处理子模块: work-integrated-assess
[INFO] 当前分支: main
[INFO] 拉取成功，准备提交...
[INFO] 无需提交
[INFO] 正在处理子模块: work-massive-likes
[INFO] 当前分支: main
[INFO] 拉取成功，准备提交...
[INFO] 无需提交
[INFO] 正在处理子模块: work-multilingual-ai
[INFO] 当前分支: main
[INFO] 拉取成功，准备提交...
[INFO] 无需提交
[INFO] 正在处理子模块: work-question-bank
[INFO] 当前分支: main
[INFO] 拉取成功，准备提交...
[INFO] 无需提交
[INFO] 正在处理子模块: work-smart-cloud
[INFO] 当前分支: main
[INFO] 拉取成功，准备提交...
[INFO] 无需提交
[INFO] 正在处理子模块: work-spring-gateway
[INFO] 当前分支: main
[INFO] 拉取成功，准备提交...
[INFO] 无需提交
[INFO] 正在处理子模块: work-tongue-diagnosis
[INFO] 当前分支: main
[INFO] 拉取成功，准备提交...
[INFO] 无需提交
[INFO] 正在处理子模块: work-topic-selection
[INFO] 当前分支: main
[INFO] 拉取成功，准备提交...
[INFO] 无需提交
[INFO] 正在处理子模块: work-user-centre
[INFO] 当前分支: main
[INFO] 拉取成功，准备提交...
[INFO] 无需提交
[INFO] 正在处理子模块: work-watermark-verifier
[INFO] 当前分支: main
[INFO] 拉取成功，准备提交...
[INFO] 无需提交
[INFO] 正在处理父仓库...

[WARNING] 同步完成, 但存在错误：
[ERROR] 子模块 work-basic-component pull 失败
[ERROR] 子模块 work-blog-website pull 失败
[ERROR] 子模块 work-care-flow pull 失败
[ERROR] 子模块 work-collaborative-images pull 失败
[ERROR] 子模块 work-config-yaml pull 失败
[ERROR] 子模块 work-grad-pick pull 失败
[ERROR] 子模块 work-integrated-assess pull 失败
[ERROR] 子模块 work-massive-likes pull 失败
[ERROR] 子模块 work-multilingual-ai pull 失败
[ERROR] 子模块 work-question-bank pull 失败
[ERROR] 子模块 work-smart-cloud pull 失败
[ERROR] 子模块 work-spring-gateway pull 失败
[ERROR] 子模块 work-tongue-diagnosis pull 失败
[ERROR] 子模块 work-topic-selection pull 失败
[ERROR] 子模块 work-user-centre pull 失败
[ERROR] 子模块 work-watermark-verifier pull 失败
[ERROR] 父模块 pull 失败
[ERROR] 子模块 work-basic-component pull 失败
[ERROR] 子模块 work-blog-website pull 失败
[ERROR] 子模块 work-care-flow pull 失败
[ERROR] 子模块 work-collaborative-images pull 失败
[ERROR] 子模块 work-config-yaml pull 失败
[ERROR] 子模块 work-grad-pick pull 失败
[ERROR] 子模块 work-integrated-assess pull 失败
[ERROR] 子模块 work-massive-likes pull 失败
[ERROR] 子模块 work-multilingual-ai pull 失败
[ERROR] 子模块 work-question-bank pull 失败
[ERROR] 子模块 work-smart-cloud pull 失败
[ERROR] 子模块 work-spring-gateway pull 失败
[ERROR] 子模块 work-tongue-diagnosis pull 失败
[ERROR] 子模块 work-topic-selection pull 失败
[ERROR] 子模块 work-user-centre pull 失败
[ERROR] 子模块 work-watermark-verifier pull 失败
[ERROR] 父模块 pull 失败
[ERROR] 父模块 pull 失败
[ERROR] 父模块 pull 失败
