[ERROR] 子模块 work-basic-component pull 失败
[ERROR] 子模块 work-blog-website pull 失败
[ERROR] 子模块 work-care-flow pull 失败
[ERROR] 子模块 work-collaborative-images pull 失败
[ERROR] 子模块 work-config-yaml pull 失败
[ERROR] 子模块 work-grad-pick pull 失败
[ERROR] 子模块 work-integrated-assess pull 失败
[ERROR] 子模块 work-massive-likes pull 失败
[ERROR] 子模块 work-multilingual-ai pull 失败
[ERROR] 子模块 work-question-bank pull 失败
[ERROR] 子模块 work-smart-cloud pull 失败
[ERROR] 子模块 work-spring-gateway pull 失败
[ERROR] 子模块 work-tongue-diagnosis pull 失败
[ERROR] 子模块 work-topic-selection pull 失败
[ERROR] 子模块 work-user-centre pull 失败
[ERROR] 子模块 work-watermark-verifier pull 失败
[ERROR] 父模块 pull 失败
[ERROR] 子模块 work-basic-component pull 失败
[ERROR] 子模块 work-blog-website pull 失败
[ERROR] 子模块 work-care-flow pull 失败
[ERROR] 子模块 work-collaborative-images pull 失败
[ERROR] 子模块 work-config-yaml pull 失败
[ERROR] 子模块 work-grad-pick pull 失败
[ERROR] 子模块 work-integrated-assess pull 失败
[ERROR] 子模块 work-massive-likes pull 失败
[ERROR] 子模块 work-multilingual-ai pull 失败
[ERROR] 子模块 work-question-bank pull 失败
[ERROR] 子模块 work-smart-cloud pull 失败
[ERROR] 子模块 work-spring-gateway pull 失败
[ERROR] 子模块 work-tongue-diagnosis pull 失败
[ERROR] 子模块 work-topic-selection pull 失败
[ERROR] 子模块 work-user-centre pull 失败
[ERROR] 子模块 work-watermark-verifier pull 失败
[ERROR] 父模块 pull 失败
[ERROR] 父模块 pull 失败
